student@systems-vm:~/p3-lcd-CarlosOrtiz230> rm dir myProgram
rm: cannot remove 'dir': No such file or directory
rm: cannot remove 'myProgram': Is a directory
student@systems-vm:~/p3-lcd-CarlosOrtiz230> ls
h  lcdLib  lib  LICENSE  Makefile  msquares  myProgram  README.md  timerLib  wakedemo
student@systems-vm:~/p3-lcd-CarlosOrtiz230> rm dir myProgram
rm: cannot remove 'dir': No such file or directory
rm: cannot remove 'myProgram': Is a directory
student@systems-vm:~/p3-lcd-CarlosOrtiz230> rm myProgram
rm: cannot remove 'myProgram': Is a directory
student@systems-vm:~/p3-lcd-CarlosOrtiz230> rm -r myPRogram
rm: cannot remove 'myPRogram': No such file or directory
student@systems-vm:~/p3-lcd-CarlosOrtiz230> ls
h  lcdLib  lib  LICENSE  Makefile  msquares  myProgram  README.md  timerLib  wakedemo
student@systems-vm:~/p3-lcd-CarlosOrtiz230cd > myProgram
If 'myProgram' is not a typo you can use command-not-found to lookup the package that contains it, like this:
    cnf myProgram
student@systems-vm:~/p3-lcd-CarlosOrtiz230> cd myProgram
student@systems-vm:~/p3-lcd-CarlosOrtiz230/myProgram> ls
draws.o  #Makefile#  runner.o  screen.elf  #stateMachine.c#  stateMachine.o  wdt_handler.o
student@systems-vm:~/p3-lcd-CarlosOrtiz230/myProgram> cd ..
student@systems-vm:~/p3-lcd-CarlosOrtiz230> rm -r myProgram
student@systems-vm:~/p3-lcd-CarlosOrtiz230> ls
h  lcdLib  lib  LICENSE  Makefile  msquares  README.md  timerLib  wakedemo
student@systems-vm:~/p3-lcd-CarlosOrtiz230> mkdir program
student@systems-vm:~/p3-lcd-CarlosOrtiz230> ls
h  lcdLib  lib  LICENSE  Makefile  msquares  program  README.md  timerLib  wakedemo
student@systems-vm:~/p3-lcd-CarlosOrtiz230> git add .
student@systems-vm:~/p3-lcd-CarlosOrtiz230> git commit -m "remake"
[main e3f61f6] remake
 9 files changed, 216 insertions(+), 19 deletions(-)
 delete mode 100644 #Makefile#
 create mode 120000 .#c
 create mode 100644 c
 delete mode 100755 lcdLib/lcddemo.elf
 delete mode 100644 lcdLib/lcddemo.o
 create mode 100644 wakedemo/#wakedemo.c#
student@systems-vm:~/p3-lcd-CarlosOrtiz230> git push
Counting objects: 11, done.
Delta compression using up to 2 threads.
Compressing objects: 100% (10/10), done.
Writing objects: 100% (11/11), 2.88 KiB | 2.88 MiB/s, done.
Total 11 (delta 5), reused 0 (delta 0)
remote: Resolving deltas: 100% (5/5), completed with 5 local objects.        
To https://github.com/utep-cs-systems-courses/p3-lcd-CarlosOrtiz230
   264262e..e3f61f6  main -> main
student@systems-vm:~/p3-lcd-CarlosOrtiz230> ls
c  h  lcdLib  lib  LICENSE  Makefile  msquares  program  README.md  timerLib  wakedemo
student@systems-vm:~/p3-lcd-CarlosOrtiz230> cd program
student@systems-vm:~/p3-lcd-CarlosOrtiz230/program>
student@systems-vm:~/p3-lcd-CarlosOrtiz230/program> cd ..
student@systems-vm:~/p3-lcd-CarlosOrtiz230> rm -r "program"
student@systems-vm:~/p3-lcd-CarlosOrtiz230> ls
c  h  lcdLib  lib  LICENSE  Makefile  msquares  README.md  timerLib  wakedemo
student@systems-vm:~/p3-lcd-CarlosOrtiz230> 
student@systems-vm:~/p3-lcd-CarlosOrtiz230> mk dir 
If 'mk' is not a typo you can use command-not-found to lookup the package that contains it, like this:
    cnf mk
student@systems-vm:~/p3-lcd-CarlosOrtiz230> mkdir program
student@systems-vm:~/p3-lcd-CarlosOrtiz230> ls
c  #c#  h  lcdLib  lib  LICENSE  Makefile  msquares  program  README.md  timerLib  wakedemo
student@systems-vm:~/p3-lcd-CarlosOrtiz230> cd ..
student@systems-vm:~> cd p3-lcd-CarlosOrtiz230/
student@systems-vm:~/p3-lcd-CarlosOrtiz230> ls
c  #c#  h  lcdLib  lib  LICENSE  Makefile  msquares  program  README.md  timerLib  wakedemo
student@systems-vm:~/p3-lcd-CarlosOrtiz230> git add .
student@systems-vm:~/p3-lcd-CarlosOrtiz230> git status
On branch main
Your branch is up to date with 'origin/main'.

Changes to be committed:
  (use "git reset HEAD <file>..." to unstage)

	new file:   #c#

student@systems-vm:~/p3-lcd-CarlosOrtiz230> git status 
On branch main
Your branch is up to date with 'origin/main'.

Changes to be committed:
  (use "git reset HEAD <file>..." to unstage)

	new file:   #c#

student@systems-vm:~/p3-lcd-CarlosOrtils
c  #c#  h  lcdLib  lib  LICENSE  Makefile  msquares  program  READMz230> 
student@systems-vm:~/p3-lcd-CarlosOrtiz230> 
student@systems-vm:~/p3-lcd-CarlosOrtiz230> 
student@systems-vm:~/p3-lcd-CarlosOrtiz230> 
student@systems-vm:~/p3-lcd-CarlosOrtiz230> 
student@systems-vm:~/p3-lcd-CarlosOrtiz230> 
student@systems-vm:~/p3-lcd-CarlosOrtiz230> 
student@systems-vm:~/p3-lcd-CarlosOrtiz230> 
student@systems-vm:~/p3-lcd-CarlosOrtiz230> 0
If '0' is not a typo you can use command-not-found to lookup the package that contains it, like this:
    cnf 0
student@systems-vm:~/p3-lcd-CarlosOrtiz230> 
student@systems-vm:~/p3-lcd-CarlosOrtiz230> 
student@systems-vm:~/p3-lcd-CarlosOrtiz230> 
student@systems-vm:~/p3-lcd-CarlosOrtiz230> 
student@systems-vm:~/p3-lcd-CarlosOrtiz230> 
student@systems-vm:~/p3-lcd-CarlosOrtiz230> 
student@systems-vm:~/p3-lcd-CarlosOrtiz230> 
student@systems-vm:~/p3-lcd-CarlosOrtiz230> 
student@systems-vm:~/p3-lcd-CarlosOrtiz230> 
student@systems-vm:~/p3-lcd-CarlosOrtiz230> 
student@systems-vm:~/p3-lcd-CarlosOrtiz230> 
student@systems-vm:~/p3-lcd-CarlosOrtiz230> 
student@systems-vm:~/p3-lcd-CarlosOrtiz230> 
student@systems-vm:~/p3-lcd-CarlosOrtiz230> 
student@systems-vm:~/p3-lcd-CarlosOrtiz230> 
student@systems-vm:~/p3-lcd-CarlosOrtiz230> 
student@systems-vm:~/p3-lcd-CarlosOrtiz230> 
student@systems-vm:~/p3-lcd-CarlosOrtiz230> 
student@systems-vm:~/p3-lcd-CarlosOrtiz230> 
student@systems-vm:~/p3-lcd-CarlosOrtiz230> 
student@systems-vm:~/p3-lcd-CarlosOrtiz230> 
student@systems-vm:~/p3-lcd-CarlosOrtiz230> 
student@systems-vm:~/p3-lcd-CarlosOrtiz230> 
student@systems-vm:~/p3-lcd-CarlosOrtiz230> 
student@systems-vm:~/p3-lcd-CarlosOrtiz230> 
student@systems-vm:~/p3-lcd-CarlosOrtiz230> 
student@systems-vm:~/p3-lcd-CarlosOrtiz230> 
student@systems-vm:~/p3-lcd-CarlosOrtiz230> 
student@systems-vm:~/p3-lcd-CarlosOrtiz230> ls
c  #c#  h  lcdLib  lib  LICENSE  Makefile  msquares  program  README.md  timerLib  wakedemo
student@systems-vm:~/p3-lcd-CarlosOrtiz230> cd program
student@systems-vm:~/p3-lcd-CarlosOrtiz230/program> ls
student@systems-vm:~/p3-lcd-CarlosOrtiz230/program> ls
student@systems-vm:~/p3-lcd-CarlosOrtiz230/program> 
